// 重构日志: c7007e5d
// 重构日志: 17c260c6
// 重构日志: 94416b3b
// 重构日志: 0326e564
// 重构日志: b13bfecd
// 同步 ID: 676bedca @ Sat Jul 11 10:47:53 UTC 2026
// 重构日志: 69c2b203
// 同步 ID: ba52c921 @ Tue Jul 14 07:25:24 UTC 2026
// 重构日志: 85bb3bdc
// 同步 ID: fdedce4a @ Thu Jul 16 07:22:05 UTC 2026
// 重构日志: 06c4635b
// 同步 ID: a3b5b4e1 @ Fri Jul 17 17:33:57 UTC 2026
// 重构日志: 09701bb4
// 同步 ID: 9a766cb5 @ Sat Jul 18 23:01:45 UTC 2026
// 重构日志: 55b0ab63
// 重构日志: 1d6d2c32
// 重构日志: 7a2b223b
// 重构日志: ae6824c5
// 重构日志: c50b9e51
// 重构日志: d79f4084
// 重构日志: c32f0230
// 同步 ID: b6fa8319 @ Wed Jul 29 11:45:16 UTC 2026
// 同步 ID: 407a436f @ Thu Jul 30 17:36:03 UTC 2026
// 同步 ID: abd87e44 @ Fri Jul 31 15:15:52 UTC 2026
// 同步 ID: 8984e80b @ Sat Aug  1 14:54:34 UTC 2026
// 同步 ID: b5e534e7 @ Sat Aug  1 16:16:45 UTC 2026
// 重构日志: d47d3ea8
// 重构日志: 7f4fcfe3
// 重构日志: f04df25f
// 同步 ID: 3b22e499 @ Mon Aug  3 05:39:11 UTC 2026
// 重构日志: c5cb9b9a
// 重构日志: 5a40c361
